 gcc -g p1original.c
 gdb a.out
GNU gdb (Ubuntu 8.1.1-0ubuntu1) 8.1.1
Copyright (C) 2018 Free Software Foundation, Inc.
License GPLv3+: GNU GPL version 3 or later <http://gnu.org/licenses/gpl.html>
This is free software: you are free to change and redistribute it.
There is NO WARRANTY, to the extent permitted by law.  Type "show copying"
and "show warranty" for details.
This GDB was configured as "x86_64-linux-gnu".
Type "show configuration" for configuration details.
For bug reporting instructions, please see:
<http://www.gnu.org/software/gdb/bugs/>.
Find the GDB manual and other documentation resources online at:
<http://www.gnu.org/software/gdb/documentation/>.
For help, type "help".
Type "apropos word" to search for commands related to "word"...
Reading symbols from a.out...done.
(gdb) b main 
Breakpoint 1 at 0x722: file p1original.c, line 13.
(gdb) r
Starting program: /home/runner/ppa-IA2-practice2/a.out 
warning: Error disabling address space randomization: Operation not permitted

Breakpoint 1, main () at p1original.c:13
13  {
(gdb) n
16    input(&a,&b);
(gdb) s
input (p=0x7ffcb50e0c1c, q=0x7ffcb50e0c20) at p1original.c:26
26    printf("Enter the base of the triangle: ");
(gdb) n
27    scanf("%f",p);
(gdb) n
Enter the base of the triangle: 12
29    printf("\nEnter the height of the triangle: ");
(gdb) n

30    scanf("%f",q);
(gdb) n
Enter the height of the triangle: 10
31  }
(gdb) n
main () at p1original.c:17
17    areaTriangle(a,b,&c);
(gdb) s
areaTriangle (p=12, q=10, r=0x7ffcb50e0c24) at p1original.c:36
36    *r = ( (p*q) / 2);
(gdb) n
38     return *r;
(gdb) n
39  }
(gdb) n
main () at p1original.c:19
19    output(a,b,c);
(gdb) s
output (p=12, q=10, r=60) at p1original.c:44
44    printf("\nThe height is %.2f and base is %.2f.\n",p ,q );
(gdb) n

The height is 12.00 and base is 10.00.
45    printf("\nThe area of the triangle = %.2f\n",r);
(gdb) n

The area of the triangle = 60.00
46  }
(gdb) c
Continuing.
[Inferior 1 (process 284) exited normally]
(gdb) q
