gcc -g p7original.c
îº§ gdb a.out
GNU gdb (Ubuntu 8.1.1-0ubuntu1) 8.1.1
Copyright (C) 2018 Free Software Foundation, Inc.
License GPLv3+: GNU GPL version 3 or later <http://gnu.org/licenses/gpl.html>
This is free software: you are free to change and redistribute it.
There is NO WARRANTY, to the extent permitted by law.  Type "show copying"
and "show warranty" for details.
This GDB was configured as "x86_64-linux-gnu".
Type "show configuration" for configuration details.
For bug reporting instructions, please see:
<http://www.gnu.org/software/gdb/bugs/>.
Find the GDB manual and other documentation resources online at:
<http://www.gnu.org/software/gdb/documentation/>.
For help, type "help".
Type "apropos word" to search for commands related to "word"...
Reading symbols from a.out...done.
(gdb) b main
Breakpoint 1 at 0x722: file p7original.c, line 15.
(gdb) r
Starting program: /home/runner/ppa-IA2-practice2/a.out 
warning: Error disabling address space randomization: Operation not permitted

Breakpoint 1, main () at p7original.c:15
15  {
(gdb) n
17    tri = input();
(gdb) s
input () at p7original.c:25
25  {
(gdb) n
27    printf("Enter base: ");
(gdb) n
28    scanf("%f", &t.base);
(gdb) n
Enter base: 20
30    printf("Enter altitude: ");
(gdb) n
31    scanf("%f", &t.altitude);
(gdb) n
Enter altitude: 30
32    return t;
(gdb) n
33  }
(gdb) n
main () at p7original.c:18
18    area(&tri);
(gdb) s
area (t=0x7ffec26d491c) at p7original.c:37
37    t -> area = 0.5 * (t -> base)*(t -> altitude);
(gdb) n
38  }
(gdb) n
main () at p7original.c:19
19    output(tri);
(gdb) s
output (t=...) at p7original.c:42
42    printf("Altitude = %.3f\n", t.altitude);
(gdb) n
Altitude = 30.000
43    printf("Base = %.3f\n", t.base);
(gdb) n
Base = 20.000
44    printf("The area of the triangle = %.3f", t.area);
(gdb) n
45  }(gdb) c
Continuing.
The area of the triangle = 300.000[Inferior 1 (process 1813) exited normally]
(gdb) q
